msg: 'package repository set', pkg: 'R6', version: '2.6.1', repo: 'MPNBin', relationship: user_defined', type: binary
msg: 'package repository set', pkg: 'RUnit', version: '0.4.33.1', repo: 'MPNBin', relationship: dependency', type: binary
msg: 'package repository set', pkg: 'digest', version: '0.6.37', repo: 'MPNBin', relationship: user_defined', type: source
msg: 'package repository set', pkg: 'ellipsis', version: '0.3.2', repo: 'MPNBin', relationship: user_defined', type: binary
msg: 'package repository set', pkg: 'rlang', version: '1.1.6', repo: 'MPNBin', relationship: dependency', type: binary
msg: 'package repository set', pkg: 'yaml', version: '2.2.1', repo: 'MPNSrc', relationship: user_defined', type: source