         Package          Version
1            cli            2.5.0
2       ellipsis            0.3.2
3          fansi            0.5.0
4           glue            1.4.2
5      lifecycle            1.0.0
6          rlang           0.4.11
7           utf8            1.2.1
8          vctrs            0.3.8
9        askpass              1.1
10    assertthat            0.2.1
11     backports            1.2.0
12     base64enc            0.1-3
13            BH         1.75.0-0
14           bit            4.0.4
15         bit64            4.0.5
16          blob            1.2.1
17          brew            1.0-6
18          brio            1.1.1
19         broom            0.7.2
20         bslib            0.2.4
21        cachem            1.0.1
22         callr            3.5.1
23    cellranger            1.1.0
24           cli            2.3.0
25         clipr            0.7.1
26    clisymbols            1.2.0
27    colorspace            2.0-0
28    commonmark              1.7
29          covr            3.5.1
30         cpp11            0.2.4
31        crayon            1.4.0
32     crosstalk            1.1.1
33          curl              4.3
34    data.table           1.13.6
35           DBI            1.1.0
36        dbplyr            2.0.0
37          desc            1.2.0
38      devtools            2.3.2
39      devutils 1.4.0.1560783831
40       diffobj            0.3.3
41        digest           0.6.27
42         dplyr            1.0.4
43            DT             0.17
44      ellipsis            0.3.1
45      evaluate             0.14
46         fansi            0.4.2
47        farver            2.0.3
48       fastmap            1.1.0
49       forcats            0.5.0
50            fs            1.5.0
51      generics            0.1.0
52       ggplot2            3.3.2
53            gh            1.1.0
54         git2r           0.27.1
55          glue            1.4.2
56        gtable            0.3.0
57         haven            2.3.1
58          here            1.0.0
59         highr              0.8
60           hms            0.5.3
61     htmltools          0.5.1.1
62   htmlwidgets            1.5.3
63        httpuv            1.5.5
64          httr            1.4.2
65           ini            0.3.1
66       isoband            0.2.2
67     jquerylib            0.1.3
68      jsonlite            1.7.2
69         knitr             1.30
70      labeling            0.4.2
71         later          1.1.0.1
72      lazyeval            0.2.2
73     lifecycle            0.2.0
74        logrrr 0.2.0.1543354224
75     lubridate          1.7.9.2
76      magrittr            2.0.1
77      markdown              1.1
78       memoise            1.1.0
79          mime              0.9
80       mockery            0.4.2
81        modelr            0.1.8
82       munsell            0.5.0
83          odbc            1.3.0
84       openssl            1.4.3
85        pillar            1.4.7
86      pkgbuild            1.2.0
87     pkgconfig            2.0.3
88       pkgload            1.1.0
89        praise            1.0.0
90   prettyunits            1.1.1
91      processx            3.4.5
92      progress            1.2.2
93      promises            1.1.1
94            ps            1.5.0
95         purrr            0.3.4
96            R6            2.5.0
97      rappdirs            0.3.3
98     rcmdcheck            1.3.3
99  RColorBrewer            1.1-2
100         Rcpp            1.0.6
101        readr            1.4.0
102       readxl            1.3.1
103      rematch            1.0.1
104     rematch2            2.1.2
105      remotes            2.2.0
106         renv           0.10.0
107       reprex            0.3.0
108          rex            1.2.0
109        rlang           0.4.10
110    rmarkdown              2.5
111     roxygen2            7.1.1
112    rprojroot            2.0.2
113   rstudioapi             0.13
114    rversions            2.0.2
115        rvest            0.3.6
116         sass            0.3.1
117       scales            1.1.1
118      selectr            0.4-2
119  sessioninfo            1.1.1
120        shiny            1.6.0
121  sourcetools            0.1.7
122      stringi            1.5.3
123      stringr            1.4.0
124          sys              3.4
125     testthat            3.0.1
126       tibble            3.0.6
127        tidyr            1.1.2
128   tidyselect            1.1.0
129    tidyverse            1.3.0
130      tinytex             0.27
131      usethis            1.6.3
132         utf8            1.1.4
133        vctrs            0.3.6
134  viridisLite            0.3.0
135        waldo            0.2.3
136      whisker              0.4
137       whoami            1.3.0
138        withr            2.4.1
139         xfun             0.19
140         xml2            1.3.2
141        xopen            1.0.0
142       xtable            1.8-4
143         yaml            2.2.1
