msg: 'package repository set', pkg: 'R6', version: '2.6.1', repo: 'CRAN', relationship: user_defined'
msg: 'package repository set', pkg: 'cli', version: '3.6.5', repo: 'CRAN', relationship: dependency'
msg: 'package repository set', pkg: 'glue', version: '1.8.0', repo: 'CRAN', relationship: dependency'
msg: 'package repository set', pkg: 'lifecycle', version: '1.0.4', repo: 'CRAN', relationship: dependency'
msg: 'package repository set', pkg: 'pillar', version: '1.11.1', repo: 'CRAN', relationship: user_defined'
msg: 'package repository set', pkg: 'rlang', version: '1.1.6', repo: 'CRAN', relationship: dependency'
msg: 'package repository set', pkg: 'utf8', version: '1.2.6', repo: 'CRAN', relationship: dependency'
msg: 'package repository set', pkg: 'vctrs', version: '0.6.5', repo: 'CRAN', relationship: dependency'