msg: 'package repository set', pkg: 'R6', version: '2.5.0', repo: 'CRAN', relationship: user_defined'
msg: 'package repository set', pkg: 'cli', version: '2.5.0', repo: 'CRAN', relationship: dependency'
msg: 'package repository set', pkg: 'crayon', version: '1.4.1', repo: 'CRAN', relationship: dependency'
msg: 'package repository set', pkg: 'ellipsis', version: '0.3.2', repo: 'CRAN', relationship: dependency'
msg: 'package repository set', pkg: 'fansi', version: '0.5.0', repo: 'CRAN', relationship: dependency'
msg: 'package repository set', pkg: 'glue', version: '1.4.2', repo: 'CRAN', relationship: dependency'
msg: 'package repository set', pkg: 'lifecycle', version: '1.0.0', repo: 'CRAN', relationship: dependency'
msg: 'package repository set', pkg: 'pillar', version: '1.6.1', repo: 'CRAN', relationship: user_defined'
msg: 'package repository set', pkg: 'rlang', version: '0.4.11', repo: 'CRAN', relationship: dependency'
msg: 'package repository set', pkg: 'utf8', version: '1.2.1', repo: 'CRAN', relationship: dependency'
msg: 'package repository set', pkg: 'vctrs', version: '0.3.8', repo: 'CRAN', relationship: dependency'